"fxooxbar"
"foo" -> "foobar"
"foo:-baz" -> "foobar"
"baz:-foo" -> "foo"
"baz:=foo" -> "foobar"
"foo:3" -> "bar"
"foo:1:1" -> "o"
"foo#bar" -> "foobar"
"foo%bar" -> "foo"
"foo^^" -> "FOOBAR"
"foo^^[a-b]" -> "fooBAr"
"foo//b/c" -> "foocar"
